[demos.creative-tim.com/argon-design-system/docs/getting-started/overview.html]
[backblue.gif]
[fade.gif]
[index.html]
[demos.creative-tim.com/argon-design-system/assets/img/brand/favicon.png]
[demos.creative-tim.com/argon-design-system/index.html]
[demos.creative-tim.com/argon-design-system/assets/vendor/nucleo/css/nucleo.css]
[demos.creative-tim.com/argon-design-system/assets/vendor/font-awesome/css/font-awesome.min.css]
[demos.creative-tim.com/argon-design-system/assets/css/docs.min.css]
[demos.creative-tim.com/argon-design-system/assets/css/argon.min.css]
[demos.creative-tim.com/argon-design-system/assets/img/brand/white.png]
[demos.creative-tim.com/argon-design-system/docs/getting-started/download.html]
[demos.creative-tim.com/argon-design-system/docs/1.0.1/index.html]
[demos.creative-tim.com/argon-design-system/docs/getting-started/quick-start.html]
[demos.creative-tim.com/argon-design-system/docs/getting-started/license.html]
[demos.creative-tim.com/argon-design-system/docs/getting-started/contents.html]
[demos.creative-tim.com/argon-design-system/docs/getting-started/build-tools.html]
[demos.creative-tim.com/argon-design-system/docs/foundation/colors.html]
[demos.creative-tim.com/argon-design-system/docs/foundation/grid.html]
[demos.creative-tim.com/argon-design-system/docs/foundation/typography.html]
[demos.creative-tim.com/argon-design-system/docs/foundation/icons.html]
[demos.creative-tim.com/argon-design-system/docs/components/alerts.html]
[demos.creative-tim.com/argon-design-system/docs/components/badge.html]
[demos.creative-tim.com/argon-design-system/docs/components/buttons.html]
[demos.creative-tim.com/argon-design-system/docs/components/carousel.html]
[demos.creative-tim.com/argon-design-system/docs/components/dropdowns.html]
[demos.creative-tim.com/argon-design-system/docs/components/forms.html]
[demos.creative-tim.com/argon-design-system/docs/components/modal.html]
[demos.creative-tim.com/argon-design-system/docs/components/navs.html]
[demos.creative-tim.com/argon-design-system/docs/components/navbar.html]
[demos.creative-tim.com/argon-design-system/docs/components/pagination.html]
[demos.creative-tim.com/argon-design-system/docs/components/popovers.html]
[demos.creative-tim.com/argon-design-system/docs/components/progress.html]
[demos.creative-tim.com/argon-design-system/docs/components/tooltips.html]
[demos.creative-tim.com/argon-design-system/docs/plugins/datepicker.html]
[demos.creative-tim.com/argon-design-system/docs/plugins/headroom.html]
[demos.creative-tim.com/argon-design-system/docs/plugins/sliders.html]
[demos.creative-tim.com/argon-design-system/assets/vendor/jquery/jquery.min.js]
[demos.creative-tim.com/argon-design-system/assets/vendor/popper/popper.min.js]
[demos.creative-tim.com/argon-design-system/assets/vendor/bootstrap/bootstrap.min.js]
[demos.creative-tim.com/argon-design-system/assets/vendor/headroom/headroom.min.js]
[demos.creative-tim.com/argon-design-system/assets/js/vendor/anchor.min.js]
[demos.creative-tim.com/argon-design-system/assets/js/vendor/clipboard.min.js]
[demos.creative-tim.com/argon-design-system/assets/js/vendor/holder.min.js]
[demos.creative-tim.com/argon-design-system/assets/js/vendor/prism.min.js]
[demos.creative-tim.com/argon-design-system/assets/js/docs.min.js]
[demos.creative-tim.com/argon-design-system/assets/js/argon.min.js]
[demos.creative-tim.com/argon-design-system/docs/getting-started/overview.html]
[demos.creative-tim.com/argon-design-system/assets/css/argon.minf700.css]
[demos.creative-tim.com/argon-design-system/assets/img/brand/blue.png]
[demos.creative-tim.com/argon-design-system/examples/landing.html]
[demos.creative-tim.com/argon-design-system/examples/profile.html]
[demos.creative-tim.com/argon-design-system/examples/login.html]
[demos.creative-tim.com/argon-design-system/examples/register.html]
[demos.creative-tim.com/argon-design-system/assets/img/brand/creativetim-white-slim.png]
[demos.creative-tim.com/argon-design-system/assets/img/theme/team-1-800x800.jpg]
[demos.creative-tim.com/argon-design-system/assets/img/theme/team-2-800x800.jpg]
[demos.creative-tim.com/argon-design-system/assets/img/theme/team-3-800x800.jpg]
[demos.creative-tim.com/argon-design-system/assets/img/theme/team-4-800x800.jpg]
[demos.creative-tim.com/argon-design-system/assets/img/icons/common/github.svg]
[demos.creative-tim.com/argon-design-system/assets/img/icons/common/google.svg]
[demos.creative-tim.com/argon-design-system/assets/img/theme/img-1-1200x1000.jpg]
[demos.creative-tim.com/argon-design-system/assets/img/theme/img-2-1200x1000.jpg]
[demos.creative-tim.com/argon-design-system/assets/img/theme/landing.jpg]
[demos.creative-tim.com/argon-design-system/assets/img/theme/profile.jpg]
[demos.creative-tim.com/argon-design-system/assets/vendor/onscreen/onscreen.min.js]
[demos.creative-tim.com/argon-design-system/assets/vendor/nouislider/js/nouislider.min.js]
[demos.creative-tim.com/argon-design-system/assets/vendor/bootstrap-datepicker/js/bootstrap-datepicker.min.js]
[demos.creative-tim.com/argon-design-system/assets/js/argon.minf700.js]
[demos.creative-tim.com/argon-design-system/index.html]
[demos.creative-tim.com/argon-design-system/assets/vendor/nucleo/fonts/nucleo-icons.eot]
[demos.creative-tim.com/argon-design-system/assets/vendor/nucleo/fonts/nucleo-icons.woff2]
[demos.creative-tim.com/argon-design-system/assets/vendor/nucleo/fonts/nucleo-icons.woff]
[demos.creative-tim.com/argon-design-system/assets/vendor/nucleo/fonts/nucleo-icons.ttf]
[demos.creative-tim.com/argon-design-system/assets/vendor/nucleo/fonts/nucleo-icons.svg]
[demos.creative-tim.com/argon-design-system/assets/vendor/nucleo/css/nucleo.css]
[demos.creative-tim.com/argon-design-system/assets/vendor/font-awesome/fonts/fontawesome-webfont3e6e.eot]
[demos.creative-tim.com/argon-design-system/assets/vendor/font-awesome/fonts/fontawesome-webfontd41d.eot]
[demos.creative-tim.com/argon-design-system/assets/vendor/font-awesome/fonts/fontawesome-webfont3e6e.woff2]
[demos.creative-tim.com/argon-design-system/assets/vendor/font-awesome/fonts/fontawesome-webfont3e6e.woff]
[demos.creative-tim.com/argon-design-system/assets/vendor/font-awesome/fonts/fontawesome-webfont3e6e.ttf]
[demos.creative-tim.com/argon-design-system/assets/vendor/font-awesome/css/font-awesome.min.css]
[demos.creative-tim.com/argon-design-system/assets/css/argon.min.css]
[demos.creative-tim.com/argon-design-system/assets/css/docs.min.css]
[demos.creative-tim.com/argon-design-system/docs/1.0.1/index.html]
[demos.creative-tim.com/argon-design-system/docs/getting-started/download.html]
[demos.creative-tim.com/argon-design-system/docs/getting-started/quick-start.html]
[demos.creative-tim.com/argon-design-system/docs/getting-started/license.html]
[demos.creative-tim.com/argon-design-system/docs/getting-started/contents.html]
[demos.creative-tim.com/argon-design-system/docs/getting-started/build-tools.html]
[demos.creative-tim.com/argon-design-system/docs/foundation/colors.html]
[demos.creative-tim.com/argon-design-system/docs/foundation/grid.html]
[demos.creative-tim.com/argon-design-system/docs/foundation/typography.html]
[demos.creative-tim.com/argon-design-system/docs/foundation/argon-design-system/docs/utilities/display/index.html]
[demos.creative-tim.com/argon-design-system/docs/foundation/icons.html]
[demos.creative-tim.com/argon-design-system/docs/components/alerts.html]
[demos.creative-tim.com/argon-design-system/docs/components/badge.html]
[demos.creative-tim.com/argon-design-system/docs/components/buttons.html]
[demos.creative-tim.com/argon-design-system/docs/components/carousel.html]
[demos.creative-tim.com/argon-design-system/docs/foundation/argon-design-system/docs/utilities/colors/index.html]
[demos.creative-tim.com/argon-design-system/docs/foundation/argon-design-system/docs/utilities/text/index.html]
[demos.creative-tim.com/argon-design-system/assets/vendor/font-awesome/fonts/fontawesome-webfont3e6e.svg]
[demos.creative-tim.com/argon-design-system/assets/img/icons/flags/US.png]
[demos.creative-tim.com/argon-design-system/assets/img/icons/flags/DE.png]
[demos.creative-tim.com/argon-design-system/assets/img/icons/flags/GB.png]
[demos.creative-tim.com/argon-design-system/assets/img/icons/flags/FR.png]
[demos.creative-tim.com/argon-design-system/docs/components/dropdowns.html]
[demos.creative-tim.com/argon-design-system/docs/components/forms.html]
[demos.creative-tim.com/argon-design-system/docs/components/modal.html]
[demos.creative-tim.com/argon-design-system/docs/components/navs.html]
[demos.creative-tim.com/argon-design-system/docs/components/index.html]
[demos.creative-tim.com/argon-design-system/docs/components/assets/img/brand/blue.png]
[demos.creative-tim.com/argon-design-system/docs/components/navbar.html]
[demos.creative-tim.com/argon-design-system/docs/components/pagination.html]
[demos.creative-tim.com/argon-design-system/docs/components/popovers.html]
[demos.creative-tim.com/argon-design-system/docs/components/progress.html]
[demos.creative-tim.com/argon-design-system/docs/components/tooltips.html]
[demos.creative-tim.com/argon-design-system/docs/plugins/datepicker.html]
[demos.creative-tim.com/argon-design-system/docs/plugins/headroom.html]
[demos.creative-tim.com/argon-design-system/docs/plugins/sliders.html]
[demos.creative-tim.com/argon-design-system/assets/css/argon.minf700.css]
[demos.creative-tim.com/argon-design-system/docs/components/argon-design-system/docs/utilities/flex/index.html]
[demos.creative-tim.com/argon-design-system/assets/img/theme/promo-1.png]
[demos.creative-tim.com/argon-design-system/examples/landing.html]
[demos.creative-tim.com/argon-design-system/examples/profile.html]
[demos.creative-tim.com/argon-design-system/examples/login.html]
[demos.creative-tim.com/argon-design-system/examples/register.html]
[demos.creative-tim.com/argon-design-system/assets/img/icons/common/github.svg]
[demos.creative-tim.com/argon-design-system/assets/img/icons/common/google.svg]
[demos.creative-tim.com/argon-design-system/assets/vendor/nucleo/fonts/nucleo-icons.svg]
[demos.creative-tim.com/argon-design-system/assets/vendor/font-awesome/fonts/fontawesome-webfont3e6e.svg]
[demos.creative-tim.com/argon-design-system/docs/foundation/argon-design-system/docs/utilities/display/index.html]
[demos.creative-tim.com/argon-design-system/docs/foundation/argon-design-system/docs/utilities/text/index.html]
[demos.creative-tim.com/argon-design-system/docs/foundation/argon-design-system/docs/utilities/colors/index.html]
[demos.creative-tim.com/argon-design-system/docs/components/index.html]
[demos.creative-tim.com/argon-design-system/docs/components/assets/img/brand/blue.html]
[demos.creative-tim.com/argon-design-system/docs/components/argon-design-system/docs/utilities/flex/index.html]
[demos.creative-tim.com/argon-design-system/assets/img/ill/ill-2.svg]
[demos.creative-tim.com/argon-design-system/assets/img/ill/ill-2.svg]
